// Jest Snapshot v1, https://goo.gl/fbAQLP

exports[`<ResultMap /> should match the snapshot 1`] = `
.c0 {
  border: 1px solid #e6e6e6;
  padding: 10px;
}

<div
  className="c0"
>
  <div
    style={
      Object {
        "height": "100%",
      }
    }
  />
</div>
`;
