// Jest Snapshot v1, https://goo.gl/fbAQLP

exports[`<ResultMap /> should match the snapshot 1`] = `
<div
  style={
    Object {
      "height": "100%",
    }
  }
/>
`;
