// Jest Snapshot v1, https://goo.gl/fbAQLP

exports[`<P /> should match the snapshot 1`] = `
.c0 {
  margin: 0;
}

<p
  className="c0"
>
  Test
</p>
`;
