// Jest Snapshot v1, https://goo.gl/fbAQLP

exports[`<Button /> should match the snapshot 1`] = `
.c0 {
  background: #3498db;
  border: 0;
  border-radius: 4px;
  color: #fff;
  cursor: pointer;
  display: block;
  margin: 15px auto 0;
  padding: 15px 50px;
  -webkit-transition: 0.25s ease all;
  transition: 0.25s ease all;
}

.c0:hover {
  background: #236c9c;
}

<button
  className="c0"
>
  Test
</button>
`;
