// Jest Snapshot v1, https://goo.gl/fbAQLP

exports[`<H1 /> should match the snapshot 1`] = `
.c0 {
  color: #373958;
  font-size: 2.5em;
  line-height: 1.25;
  margin: 0;
}

<h1
  className="c0"
>
  Test
</h1>
`;
